{
  "id" : -1,
  "page" : "✳壟㷺蓮芖㐡렐鼦혐纫潳",
  "ts" : "-292275055-05-16T16:47:04.192Z"
}