{
  "visits" : {
    "শ塉塩ወ㮼ඥﰜ侱०㉪ꍶ䧆㒍脳콤뭙⦐싗욋鸾" : {
      "id" : -4879037143496518288,
      "page" : "ﾘ⁫卵囹ꈬ즟ꭦれೱ릱款ﱈ똎퍴勊ᳬ밮竘㭧놉ᣬ콂٣켆㎴ሦ쑋䞓騠䍤ᖜ",
      "ts" : "+292278994-08-17T07:12:55.807Z"
    },
    "ᑥ羵ᦫ譡ᜪ젡즗爉裔퇔∀謋㣾舯缗糧喤蚘䆰銪ㆲ糹ἂ쟗葪虤俼婔邋钉䑥傼层㟱쎈Ｉ⣡⼇롹駮ა暁솜誏꛴ﻚﵥᯜ꓇麷鸂᮲ꄅ针潺ꖬ懳꥘뢁딡띱蘭䥌ꇪᖱ㕑鑟Ԥ覸뒾䣴˥鑘좻댄먯ⵗ꽫⍤矼稵靾" : {
      "id" : 4368759007316152123,
      "page" : "襫執粒粻跄湀ꌆꏯꃈ錹㉡螯ⲱ檗酛ၧ舽蹹枾硭ଡ଼冫쒳榁敜ꂹ쑤窾嚳圍끿퇭害ꬋ㯥ᑟุ毂壿ᆦ꓍톝峬駲വ奯ᬡၑ",
      "ts" : "+292278994-08-17T07:12:55.807Z"
    },
    "ᬰ㕏似諟羯弛ꗚ塜໊뼫㱧힉ᘌᑑ夲螕௨﫢簛蛍䩈亥䓟劸⯂᧜工헪껄鱮娠烆䢠쮂綪ノ㞃⮻㻍叹玔籑䥢웠簕趒ꝯ瘸녑㊷Ḹྱ勔밝锔⚋☌쭐댤了螥᜾뿻뽎" : {
      "id" : 5807748008117091591,
      "page" : "໘굂砎㡥⽱햹촼捉脾ɂ䲿ㆂ樂ꬊ꯼쪐﫛鎋넙磼驮靽夂脰ꌗ㕤륡袊덧參ဋ޸훦疰伽븂㼵몯쒕",
      "ts" : "-227221346-04-18T17:45:28.998Z"
    },
    "⊃呚튮䍳ӵ掼흆瓟鰴俞軿鿉㾮ᇀᔗ搷过娣噎ㅻ๙쩷埻ᷗᘰ瞬㞱㧬돎쪅噶鿓﷗Ỏ놶긍讨᭖玁釚⽷䱡侜෧⵿륻䗮芍⾷늲" : {
      "id" : 3112030857244889986,
      "page" : "꽦漺屺礯அࡪ狦촐諿廹˻﫺Ỷ斠旛Ꜧꕈ헛覝㾻逡ళ녷",
      "ts" : "-8217084-08-12T07:38:48.092Z"
    },
    "⟖堺毭粠扬갟췒ᯕិ伥팽釒囮ꅑ胈狗铎쑲嚽騟륈ᵴ≱륿鍚趸箥뛔텅蝇⳷Ղ⅕카탏腙됨冷㰃ၖ㰥雇旜缐鎈昉꿘ుﮒ삉ⳗᐗ玱黕둙䐚ఢ褰䗔様䲙僾蕻竅ᯈ巌羴詰ю⟹ᕇ鵦ᓦ" : {
      "id" : 0,
      "page" : "㜻㒍懊㽚ᵰᱦ칓䫵犐뀻៽䰪節㼘靠鞅焩㭘璜쏠錏轧ꂳ驒腎뼱껭㛈餔ٍ阬赐筿⢚дⲆ쁇괚陘﫢ⵏȘ艌초陊ꙗ푻箔ﴏ＝噖莡飄워㲳ꇟ鍄퓕黚ꀯ셰ᝌ☷㮇",
      "ts" : "-213288312-11-03T05:34:57.479Z"
    },
    "⹼" : {
      "id" : -9223372036854775808,
      "page" : "뮙♙弄줃훐浦፷呦鶜ヅ慾ᘽ鶞춶ዴ핞愈꫱繄ࣥ쪟䷢䴁쿞昷댺䱲蒒睪征⺙쫭๬燶ፏ䒜㥹澖鎘䕜齇퉂㢁꼙큭㖆⍖ᦢ烷ꝴ镄珔澒ᡸ馳㽣쪺᳇튯⼛太四厄൹ﯸ邈ڡ㔜ꔽ퇣譫阈ၐ먝፷묮횏",
      "ts" : "-247106063-07-06T01:49:53.234Z"
    },
    "㋋⎜ҟ渁쓊寬깗ꃕ磻Ջ➫恈뫿꯿祦吊둵돧ទ䏽鉖辝䱷絑⡘Ꙕ謹캬智" : {
      "id" : 3464901271384375590,
      "page" : "ᥤ㲆ﬅ拄ꇬ햡⒍Ǒሎ重䬏됳ఏⱢ랅ଞ辣᝜붅⊗촪薰ᄎ궞傲孋︑䆋愼আ躧ọˍ",
      "ts" : "+292278994-08-17T07:12:55.807Z"
    },
    "㬃⹏戻踤⡫長䇴츴貯ꮗ籁躅箌蘧ꐕℳ" : {
      "id" : -1,
      "page" : "Hꍜ遠ᘖ阞뢊텣ⱼ䷦꿥뒃䘺꟰劉飽㣨㭌烽剂嘶뚇ﮒ婧䤮縷扶鈸緉ࠉ尋ȁ뗞쪀㹆賨돻ꄓ䗌ｦ鸈驮搉᪸ﾝ繇ვ휑㜌譠鈖ࢡ꠆䅔➜ଫ촘㶗㭼캤ꝩ朿൳崪",
      "ts" : "+292278994-08-17T07:12:55.807Z"
    },
    "㮈ក粮᱙镵앒駄퀙ᰖ氓騷䣎笣衷띮췰騭暳띷抧┇刞̐踛ꃆ沒痟귷ﳞ͸௺믺⡋ퟹ艊눓켔걷ᖤ㑎崲荤걠쳿ꤪ얣睂鴳꺯뵁㜝ๆ핤뎫춱褢Ⴓ嘎ܐ㢘꾀곘廟臖ꎡ䍼鄄ġډȵ뒞鄾⌓㝜靧䰎ྵ怙⌌䮱蓮镧ಃ꠼ﮃꟜ캥眤" : {
      "id" : 9223372036854775807,
      "page" : "牉볟䛩佅蒋﹦譧檣᷄뵆沮蚽歗끌萂⊵뒍笼䗞⧫ꔊ飼䃬┠沒ꮢ缝Ⲋ᪾晤ꮍ練퉹콐嶃댕钳᳴㯕遞淕层感輺宫귷濭ﾨٗ鸈༴ᣝ盓ੵ⚓⹛灲峃ㄕ᯶霥ꪅ嫢帕ꨅ羇耙⋩狯",
      "ts" : "-126674271-10-29T20:46:52.981Z"
    },
    "㹪ꁥ醄ㆋ崚꣓堀刷ኌⶫ필압㍩넇⡲ᖤ靗㸪꼃雐ޒ桥寧봡ᯎ醙쬚ﱼ瓯ￌ" : {
      "id" : -668467068643678994,
      "page" : "漱Ḵ龏菅솩⺅뜃잱涐뀥⏊띪笘빦姹趁䕭扮蕲୰ﰽ榮䏒澟풪䃟始峎빅ꃑ㪇ｫ搩탿銆ⵚ寿渡؄ẋઅ勁ᐶꍖȄ뒨隚炤⦫똶슰Ⅴܬ旵챮櫻ᒇ쑳䭱ᱧꔅ",
      "ts" : "-282914315-08-02T18:32:56.892Z"
    },
    "㿧蹴鰷筝눡䛉峅퉃Ⴕ鷬胁껀瑉쭰ﲭ᫉姖㶦" : {
      "id" : 1,
      "page" : "ꣅ行",
      "ts" : "+137359173-12-25T06:49:45.867Z"
    },
    "䢖ｨ꾋▻섞䜘ᲇ蚧醖ߊ１幈ਭꟇ뇖굜鴀壭硰悓ᅊ쯧즦퐙" : {
      "id" : 1,
      "page" : "䃪ﻒⵤꩇ᯾글颕鄕ه蟁抜ㅨ蜉꒼䐊䮎ᙿㆵ呅㧣ঢ蟌厉瞜鸭",
      "ts" : "1969-12-31T23:59:59.999Z"
    },
    "䥮퐈쫅㨒ᥒ컝㢗ﱣ瓋榀腕ۍᨏᔈ꤆᳦◛芣ศ嬖ﶈ滛㭐괍釁屒" : {
      "id" : -2949540016013736511,
      "page" : "䪓ឤ詇娑킳홭ⳑ㽽衐胵뵎셱삠ㅰ繧䒉뭉ꪜ铴䬖ꏙ¨뛹鍨믬簍받༳ᾧ賺ꩨ聚垆曵鉟䚱⁌䧥禽軘⪶덝죧ꆚꅡ䩹木㌀洟捇꿱㺀峽·鷿읁뀦흱뒘贳ᯘ棭⯝ୀ㔚菴㫡㸼袄ω싪虓뭎뵖⍴䴼㠭㨨咅竩ⵆィ踈砣銀",
      "ts" : "+110301279-09-18T21:00:20.659Z"
    },
    "䫫⟗䕾탱䟅짖剔䬩ﰌ촴밠䈜灤찙鿌썇搣䃾휺阹碡Ȑǧ罧瑮腹᝼䙻臷ᯠ㱄哀⮿閜ퟞ醯ካ꡾귙ꑬ跗憝椨蜉෕㪭弊蘧멞胺젖㗡珧鴱뺩Ԑ긄澻ஈ她⁳쯐鉉䑃뀩ﱎ⩲씭䜉遀䭽綃" : {
      "id" : -1,
      "page" : "὇弚쿧肧㬯Ἧ墙뒄╒冩䎳毅閯凱佤讣≃⍪䊛騦춁駚쪾೛∁冢䍯괆䑄嗻븫㮌ꁗ茵彆蜛ꦐ顸ꂠ剞䎣䇠븓濑ꐀ圤ᛜ閂꾗ブ놼퍽탔븈闰變攠ퟪ꒩䳊咽",
      "ts" : "+152904029-10-14T09:51:58.999Z"
    },
    "啦䮛糱浠綠枥朸ﯬ磮껣藑⼢扵젖쓆㨽襝ओ괄" : {
      "id" : 705456475315933046,
      "page" : "畵孆∛ꔾ蠀핲騫স韇莑츖媮愩窧݆鎛⍧፾ᄤ灄̱⢵ꉩѽ䷄鹸릮쀫ᣨᵇ쀟卜漽\u000e숫閇汶뀷헂繊峩䭐䨯顕䩎訷Ცⱟ輱萾괒敼湈",
      "ts" : "1969-12-31T23:59:59.999Z"
    },
    "嬜먣ᕜﳁ溲颴䳄鉤헂鼂ꨱ눖袜㯳ꚡඓ๲ਊ疵诇惘ꐺ盼פֿ唟敨꣓ꊡ▀်㝸犓䩂ꫪ諐ᛅ㰜ᇼ컇嫶뢇趑垴㽎钌䒇擦쿜쌑润괂퇀⬒볍럳ᓘ謇슀跂䱃렌岶蘜脡㦋陗移" : {
      "id" : -1,
      "page" : "鋖쨁䯰廊횫퉮糇溤盾롥骓㝗2筍팵ᝁ舤뚗ᒭ登砍힐渜䰎勾漏Ὕ廢졸ꗔ",
      "ts" : "+127691805-08-31T20:30:31.760Z"
    },
    "嬹롚⥼༊ࠦ¿ⱃ븅媍鍒袉愭ఓ槊忔" : {
      "id" : 3131691565957803589,
      "page" : "举ꑌ뒨ę뗴쐹ⶇ⯒無ി㎖栗洦ැ↶泍┎௛䱃漌Ʌ了艜砳쮒扡滁浌玭愈펖⫳裧딿㓩앑תּ墴湋놷ὥ烚祠ꖃ࿏佺뒓ꘋ࡫窽",
      "ts" : "-244501217-06-24T18:19:17.090Z"
    },
    "布폯扗뮹ꦑ쪴ⲅꕡ뎆⽣颬⪎ႇꢶ畎ெࢫ⍍䷜眱㛁쪽붖ḣ傍䀃躀꿚䅓鰛琣舛緔箛釻ﰉꙟ䪟찀Ḥ뛦縣郒岩﯉᪸ᬢ麞࢟ꚱ" : {
      "id" : -5438749967384729344,
      "page" : "ঀ颟俌몈ᩝ灵ᝀ鰙௫膻桓郼㎇⟍ፔ햹闰⼪넓砉ⷶ圉䀍鎣䝋旓宏뮰얟藇贱ꄆﶇ⣌㲚ㄨ䠭暜읶㟥했꺪䧒㥧ꢐ᭦苮闬㝒狥覌䰘ᩭꄛ睖蛞묚⅌湄ฉꠎ곜喍馔ヸ熜紾꾗థꅻ䈪",
      "ts" : "+274634955-08-10T11:51:40.036Z"
    },
    "廛ゼ葫쇁䴾夡䇠꣱埘ٯ捠㷔⾈頌鎣຀孚ᰗ᭠宨偢ᾮ⯼Ŧ" : {
      "id" : 3571220639798445952,
      "page" : "굇宛秪⨲忙摓ꐨ稷氋䆲ᠥﲾἒ鎉ᇤ㡈㰅ᜑ銣ᏹ㋞撍鸱黷ᢧ᮲辶郂臻⹫切ﾼ푒됸㧱ꍊ㟑䦁ꉣ巴ঋ㉃",
      "ts" : "-292275055-05-16T16:47:04.192Z"
    },
    "恂펷౴推燮᷹죬ﱩত覆麱㴡ɺ쨥뵦襒䨎䒜鏊蒂芙寣" : {
      "id" : 6436093067667862110,
      "page" : "弮䅙ޥ뙮칬宵沎ꭷ흣ᱚｱ㟧◎᫘啕耕빂哕셽۵쐓鞙띍♮筡㘯ʠઈ㜄퐶貣卬㴯荲퐫紳ꔫ롽缿ⴋ₤",
      "ts" : "+288465896-03-04T14:32:43.228Z"
    },
    "搫싨岩舓먖츑㷔벋誥딊薿䊎㓭釥ꅒ䠘㞩抒੆ﮍ䍋燮Ⲹ뙜㺊殏켜㸤ⓧ閩둟梤獨㧝炻㭠戏䀌㝫켐晥帿살ڍ瘒鶣ǆ꛲ꎿ愒얆ਹⴭ킆ꑪ韖砥ꑇꪠ⧗홅`傸啫醩ᱺ폹梩䗙䏢ﻂ稡瓼궂넭" : {
      "id" : -9223372036854775808,
      "page" : "ဈฝ玆켪ꖢ䂽㳣考吘⁾ἐ帳裵ꌦ䲞ꥑ꿧䐢혦ꪣ₷雝鱡࣎⯄֏항",
      "ts" : "1970-01-01T00:00:00.001Z"
    },
    "槌櫟䨲꜏ᛚ᫡ፄள紩뛓繣㉂債쇮샀헹䜔㈁ꖝ嗐턮汌ꤼ쾒﹪鮠⛰鄏䥹ⱦ췊䛪㰆蟠᳏촆ᶡ穻惘⋄î⒍䮻냎腫ȼ䗧蛮⌭ㄕ芪桌ꄒ蛄靾欿" : {
      "id" : -1,
      "page" : "彻흡㋱喇ᰎ⛬譭⥄⦕烃⦡췠䴇⯶ܦ륤狝鎖븰藧弼䪰㽭睾㇉佢﷮㹃⠆⎡莘ᑻ芯㳶嶢Ᲊᚆ⟠䘨蟄騑㷢珄惺糴埰绲섈",
      "ts" : "1970-01-01T00:00:00.001Z"
    },
    "櫝䁹䎨㊻髥譢苉賗\u0018꒿岌䎭姢箅韷죃뾑๎ᔇ챒짝Ꮧ⬩堕摂譑⮀뇉ㅄﴯ륉䕔႑㹁襢鎱㰝같ᑳ⧦긫㇐ꈂ魷ᗓ䈋츭뙩呒襂콹௒㻥餻稨ㅪ䧴퉅훪즻␵ᆵ䋆仳ⷓ뺁ㅾ⽭嫝ꖸᴿ䥗偐‎쇏偞叽铗髸믁⍬ચᤍ⽽耬Ờ蝨ු걃纟劄츦" : {
      "id" : -1,
      "page" : "ʳ蠼뚳懹汶ۺⴿ彋凁쿧䷼架힔봘䯃✯闥뱋ꏂ奘凟달Ꭸ弝ܱ유⭥畯☛끪䎏堤秽聎嵈Ꮾ",
      "ts" : "-118806962-10-29T09:04:53.046Z"
    },
    "瘣뺺뎫㱟㯄禲㇞❜츨辽쌺헍⻞ⲵ묢騸䱡畞耹㼁뇽" : {
      "id" : 9223372036854775807,
      "page" : "韐",
      "ts" : "+192471211-01-07T01:09:08.874Z"
    },
    "秸䠲꠯쀛悒ﵫ᭖鉂沚ﴆ뮭ч繥梐" : {
      "id" : -7643501808610245321,
      "page" : "大䜒ᑨ燩╨ힰ䉆ᣚ冤ꦘ쳘禄ﴓ圾䡢爴潱䭺哕䢇㰜퐵ᗙ녬ꡤ‵疋樂吺갤鹷ᔖ녵⒈㜛蠥ϡ᷺꫸ꩳ઴垱豼罺䙃ꚬꕦ",
      "ts" : "-216554315-01-20T13:52:47.710Z"
    },
    "籅࿲ꗶg㧙ྂ샚宑⋻競䂿堣狷滼撩" : {
      "id" : 1,
      "page" : "慇圱ᆡཕ瘝鄿㞂蹚៑꙾䍐븀罍퓊ﶸ質ﱀᒽᆺ㥶툞癯ꏎ咷䔈鸦茝ﰪ㾩뺸觺쨣没턞옠麐ꊆᡮ䐕ᆈ㋿樞鉒仉宔䅅玦棹룱Ⴄ怖⑟쐭㔱䱙켬ⴁ⺝飯㊙븋턆⼄폋䨨隯ٺ죐ഩ冧窧췌팁墴˃࢏圜偪酹滑",
      "ts" : "+292278994-08-17T07:12:55.807Z"
    },
    "襅ꊛ캴ㅑ蝾⦋ⅸ᎞犺蓈⌫뎧⴬鈐ᖏ錎䌦运簃騔̘其鏵妌䜴⏵؛藙繉ᲇ嚗塞븗뚁仃宷ퟰ祈ꋰ䝎쏋ꦞ蘥½胳왩ꢡ⾒稵" : {
      "id" : 6183633366485824295,
      "page" : "ハꝡㅳ矺ᖘ뵓㞒鲍홨㹉떇䒝嬔Ҙ餭痯憠ꪦ곋꾪∑跆銄맟粄騧括⎇ⱇ߿ン毠뮶Ї",
      "ts" : "+242375504-10-05T22:13:26.526Z"
    },
    "誛ꈉ鑚㪽䃆克ꀛ핤쥂砊位赫걹磫剦ᵶᦕ☈⠮욧㣇뼗璈૗聍梚爋૜֍ᅠ朎棙叕櫦籦ج⠹ᯢ﹧␃∭憿瘽︲❬先㜪౸ᑦە䤰⣖" : {
      "id" : -4866737228054262798,
      "page" : "聻⍲씛┑᥌꩚많쫡ퟏ⠓ꝳ㧷餘膗錯ⲏ愐筃铮⧎뭳ꟻ덀갎滛翾裂炻넿闙꛿क炼焌윈匶챶썧暵왠ژ绷炀铉欲ꛗ쌞妍꿼儑嫽ݙ൨䃿릎쑊ꖠ訥葵톼胄",
      "ts" : "+89994426-09-23T04:44:00.436Z"
    },
    "釩潃變壁킢٬羟깰ⰷ諤㖵蘒뀛阆쫳敢捦딱ഖᣝ셎Ӌ韹韘零䢂ꓠ欇糗➴韎苠됂혻곣锪䊘퍋暪䪶藍뒶ᤏ㩮阒ᎏ㩷떄⴬Ἳ㻀灊Ἲ䤔ࠀ∠럾稀䏬❺揠䀱锈퉦ꂾﾰ澂䍥妤♹甞뗇Ὑ┉◹ᧇ텖ꡛ貌" : {
      "id" : 8396942697809635472,
      "page" : "썁臺ẕ戥㊸麏殛玧괵",
      "ts" : "+282061929-08-08T19:23:05.245Z"
    },
    "钰楎嵗ࢱ맴氂ÃΠ﷉헅❪⭵閈皜䔿颧ꆈ㖍鷒僕哛耳娩틙䀼꼻듯ᜦ灳涀" : {
      "id" : -4643316039480185189,
      "page" : "ỏ㏨ọ훇륎뚝늱皟റ萲䬗ଇჱ¥挳ᄅ䮟ⰹ᷃ᬢ︱넩嫪쓩濏꠼趛",
      "ts" : "1969-12-31T23:59:59.999Z"
    },
    "閊隝˻숨ዂ꛼字톉饽佫䥿ᔁ逐行喇鄃鸥뚦ᣡڠꊍ๗ꭣɈ䙐伸뜯㛌୸塠荰쁮﹉뺏ꦔ乂捫㭠蒤묫뼶蔯﷞Ƣ鞕筑걨돿韀⾩䇤튣㊫Ӻꏞᘨ墲ꚅ䎈ঊฑ묊弆㛼䤖翳ꁁﺼ" : {
      "id" : -9223372036854775808,
      "page" : "๊㆝溥⥙ሪ绢⧒笥⦀샋颲䫪宙ꬪ鿔㼃藼瘊ᤞ᎗䱑潈঵쁙啈橿⡶丵橝礟욧璃⚱ꜘኡ䝷늗ၓ佚ㆲ㩎䉡诐艫鵗儵曏뇫",
      "ts" : "-154438606-11-03T18:34:34.724Z"
    },
    "霶氰膂뵗拭⾍澄楑কᴓ㠞嗶ᛛ㴈柩ﯖ㝶徂ᨨ鼩몰᭝䄻㟃༼묮캴싥斍悅ᬗ埝ᇼ惽ᓢㅁ䢢䳜Ԧ纾⢨ណ㚎䡔ヱ꽑㹒컣⤻䟔碽ﮈ닮盫쑏ꢗ䔏筕戲͐텊曧緞䜯ྐྵ룫稲т࿳흄᳓N㑹쑺萆" : {
      "id" : 9223372036854775807,
      "page" : "ぷ类鈀Ｑⷙ쨊䓍矴嶬",
      "ts" : "-261127737-04-09T00:05:39.382Z"
    },
    "韀鎫乏믂៍左㝢魖푚끉⹁≞톁㝪坻⢮꙾邋ꆸ勆Ⲟ志矏쁿ⵟ⦳堜鎥" : {
      "id" : -1,
      "page" : "佛糝㙆໥꾤㞹Ⱐ摓ꪶ﹌귚瀗違닻䰡בּvᄅ氖ᙯ䭕骼띀᭲₢焒⍴瓅橏欂﵋흰㘐荒뇴鍢׸⾭ꛩ䦐䊭挟줨渡㼖닻ዸᇌ⟮툑ｖힸ备ሕﰢ棺퉲譐᪪",
      "ts" : "1969-12-31T23:59:59.999Z"
    },
    "꘤½뱖ﺵ⿾츭얄㥅꽝务ﲫᬱ儸粄翔銠丟䇶즆댏啳튨膑⼪菨漁͊溪뙮楼퉁揣鷦鐟íꋀ锺杕콍舃逾Ꭷ뻵஁잮" : {
      "id" : 9223372036854775807,
      "page" : "죅⒅⬎駵㻣핤㛢줩嫊ṧ⣚僴ꀥ桋꧿븆⩯宩浺툘뵿躍㥻泂闅饾ཆ羌ȨＧ엽潎䴿瀞倏ᶗ陻牦괢ㄽ炜䥌怅䁁龤猴鎒궍딺⢄蚙",
      "ts" : "+149505314-03-15T05:07:19.522Z"
    },
    "둮착｀৭閊냹᪈慝킞듟⟪어妤縫蔪" : {
      "id" : -9223372036854775808,
      "page" : "ᷬ",
      "ts" : "1969-12-31T23:59:59.999Z"
    },
    "뚹䣳ٿ竡葰瓒筤찃샐珁욤錋낕譭倸檉勻照衅ᴨ誛뢌ᛷ㑦ᝄ뢋熻♭珡倌㐕ጨ" : {
      "id" : -1,
      "page" : "⡪ᅊﯷ䖀㨽耤ꥊ筿⭊∐粓ὡ㎔ᜀ旐췷論婧襼蒋약⠛堪ଡ଼皯骛㦶璸ꔂ帅擑㭄骰璲氋䣝桵濿褌",
      "ts" : "-292275055-05-16T16:47:04.192Z"
    },
    "봑粸崞芑폮慛冪攗ȱ넺争檺⪻ｚQힰᩗ枚Ḷ썡ৗ칣嵭ේ衾狻夘⃥覍鴼與箽嫾도㯡﮵䠛諵圡盼伇跹옷凇쐜ȅ䱕芣끗돆돕㌕ᜅ④驑嬗骗快ꃞꬴ옴꾄ล蜵" : {
      "id" : 2909771064076536924,
      "page" : "",
      "ts" : "+9341871-05-19T04:11:13.242Z"
    },
    "붝蔀䵨쩁酶溋懇碸瘄蝽䵖램ꙍꩊ唗ဣ狴ꦞ㵛䫇챤➞屪Კ魺㐆ើ봗倒౽餋ৢꄾ빣托蜳ᙶ敱臔뢡슰緍ឳ‷ᑵꇠⳋ໢龗὇熼꼬" : {
      "id" : -2513712487290868568,
      "page" : "ਥ귵ᙑ艹輊맡ཱུ儚䏨煆햷蠤ﶭ죇Ḙ싉蚵ꎥز羾쇘ኖ뀑ⳃ⦶ꌴ橚䨖靖ﺹ嫁⒦Ꮬ㦦Ⱄ댕낖䇛톃夯뤿確ὗ锟횈₞힠쉚ꃄﭸ彗㷛賊ᬚ㉌ᚌ饛쫴۩唗䍲둵雲菮ዶ㻂꯱㰠═㣀뺾潨̭⟣隇馞꩜窾掍ꑥ",
      "ts" : "-151641177-09-09T00:52:39.293Z"
    },
    "븥㣹鞍졧눰嗯⒪퉗᷄뷰殞礛㹻" : {
      "id" : 5469506925867361544,
      "page" : "軉䙘瑌絷ﰼ횠銾⧨ᢏ鎤⬺⹣à瓒罐़㚭",
      "ts" : "-276373915-10-03T05:44:19.901Z"
    },
    "엔牠峸䘡펓叙랣鯣棄荗膤䥓쀔ꗛ肋귔봽娄穾⾑갴髆簣묜⣇䬪ퟄ퉊ﾼ戙⹦㖑巑优빰깳梍" : {
      "id" : 0,
      "page" : "᭔谫耛软闶녳䬭㪨㗕㫨뜇䝖們曮䇜設⛃沓똿싴㓣ﷁ犏ﮟ皂쏠䵴ﹿཕퟦ틩䞼䞿鶔溱퍟░뮕䞄㐱㺒祣돍錍ﴂ┳풞ඦ豭﬋麽卻㋗౼㤈⬖암Ứ鹵吠ᄝ鮋솤쌩鈜匿⣑ࢾ⬝삱볃⥂ฦ堨仇ꍈ穊롘㔡뜕湰鈏섖憂층",
      "ts" : "-292275055-05-16T16:47:04.192Z"
    },
    "쥃ᡮ蠔⹃愦灿㎖掻疡︀뵜鲵ꍰ郔坲ꡣ汗诫띭兞⍊폵ꄺ磄ꮑ磄�넥鍚" : {
      "id" : 4634162535233655339,
      "page" : "ힵ顧뿘〵緼蚳╫憀챾힘㍩ሮ䄽ꦉ衐꠲骋ᵛ㱑篦᪣쉡歂谲숛划͘粼郂ﰫ䚭䠺䩺滭黠䋖轋톚ጔ㬧鵴돲ι命꘹봧뀧᫺쪾ﰫ꧿꣏뢮幎ⅰ氿ꖔ㸣῍",
      "ts" : "+121044589-10-11T00:29:07.051Z"
    },
    "쨐ዉ䋯쎔叭蒔쵪屹琽映შ薷휏ꢪ敠쫇" : {
      "id" : -1,
      "page" : "㔷ຢ丁롸䦄忯颂럪⼻崮⏔傯릙蛃䢩⛸펃ᄑ앍ら㲜孩羊疥과┊流鋀㙊䰱驲꞉礳ꌃ",
      "ts" : "1970-01-01T00:00:00.001Z"
    },
    "칞艿ᐆ숥ꊊ涟艥㻃嫨돼醝ᗏ∯Ǯゾ鱙컔達᱐〯知瓥琔凾蠎갬슛韮쏋螷ṃ㕭ऌ8㛯ၤ毩켗≁潡鮗᎓佈鶻铵䝭觧ᓪ鳿섚ύ䯏癈侦쾝탈嬚딋澮푝캋﯒" : {
      "id" : -6410847046117896397,
      "page" : "꿙갈㌊砬秴ￏ䟺颼㏕湣ꍥ겺汲ᄳ롐㤓膰悼㑽숎껓爊罚릏㔱뎕瀤႙녫珋屉ᄹㆮ욑揾ꃐ큐ڳ︔",
      "ts" : "+115104942-12-13T04:11:52.741Z"
    },
    "홑檝湩ኀ㵄ᢞᜮ洢ဈ稼ኲ礲鹫郻⭤Ữ忑溑鷃➽⩧帥ⱕ䓹₟︅ด과⺃㝙눰〽鏭⟂쩮乬뱖↗⥡᱾" : {
      "id" : 2089158741622292555,
      "page" : "䄟쐆≋촭堢潈ㆥ랃䪆齾ꕠ蛁㵦쌁魈땺臢鬀缣ꭩ봑騿〳쬫꺎ᝎǲ⸴煡벵剓Âꨠ쁷傓뀪騶域쬀箝뽩ม태㥙鰐焅쮓鲆僜췊풿⠭秢溃㖤帻쾒䪳䵺塂ﯦ愗䀼⃋᳆Վ᲋치ⴈ࿽蒳",
      "ts" : "+292278994-08-17T07:12:55.807Z"
    },
    "柚쩛챦뷽⩊馗⚣໤盞两ꏏ䍚걮堨䑷Ὄ擺㘀悷蛫֎閉ᗂﴽ㳻뿬⵼단ᘝ㞋弗껆熆එ侰䴠瑜䨊᪩쉅㐌㞐夃⌞ڹ൦Ό寒ᴹ䌻ꪡ蠈땗ꂆ杀仓횙㭖渹㐻໾씭턛龲틧胎ᩧ紗搰쳿㗊菸䏿" : {
      "id" : -3043150042329110000,
      "page" : "摯숨ⷅ멡❐⭢䓇ㅰ⋝먃鬯﨨퐸仌켆",
      "ts" : "+218197183-09-10T02:41:43.620Z"
    },
    "顩ຒ咆྇屮곦됪ꦖꪯᑡ㏃먰剽䟰@ퟪ栜偯蓠䰗嬎痋ℬ莤䴽뢺멲瓚Ễ턜Ӡᬥ쵱᱐ꡑ爕墆忟ࣝʣ盨銗꺝俏慱吢揤ۃ蚚樆䴏␨엉ت䶀幓ꛏ孊塂꫻햧炈伐췪珍" : {
      "id" : -9223372036854775808,
      "page" : "ꠒⓧ쿐뛈咸궗ᝫꈨ‰\u0084훖큈毢ꟺ理쿌ᤂ迵鹨蔳នꉠ虻झ乲௘᥅䧀剖콡ᴲ릯ⷼﻑꁉ蘲㪩",
      "ts" : "+292278994-08-17T07:12:55.807Z"
    },
    "૛⬙䡍쑧⮠乲㈈놟囉㷮ꙝ콇敯௝흀逺⺺鿐䉟➺娵䓛㩬ꬅ" : {
      "id" : -7261713510967593619,
      "page" : "끈컃ꤐ鷙忝敳⡈攖돵윳ຕ䫀䱛鈃뻰떌ꉐ值欎籾㕲㠭ち꩎改꒫扷쉚쎈쨉袽쮟ꀃ笣",
      "ts" : "1970-01-01T00:00:00Z"
    },
    "裊쳆؛惆媼⨰ᙬ뀑ꭑ梕럮⫞᭢䳥ጐ讑ᅓც㭅繚퐱ᒓ듞絬㔬㜥隣朾맏風睘谄䘋싪䓣䇡칛㿌蓵㌺궕ᰞ渟煥懲馔輞ﴃᒈ첅㲆⡤櫥ઌ뿥梄䴺㲌骀娝墯ĉ哰濌陽㐱쿅㤋䱓㭽퓎罶⹜佭◯鄄ᵰ萭ᯮ뜲" : {
      "id" : -1,
      "page" : "忷啽磧⌞ⶉ୶ඳ亘遌┠髹Ċ샮䒙謪䐮吪擈㬣孌己ᷧⴶ퉻᥸咁촸妭쾾髮쾂팰廗몚閌団쨯Ę폹ᡠ䱹컞駔㌊葋뙜斫㾔Ɋ骢",
      "ts" : "+148372508-05-21T10:01:17.483Z"
    },
    "뱵⋣콏㜱ற붧἞䖡" : {
      "id" : 9223372036854775807,
      "page" : "嘃ᯇ﷗陸⽆๹⡵쐮ण༌ਤꙩᦩ뿕좱逫ᵤ⠰蝥暮쌜荎쐈ܴ眾꣪慌鬵쒯麇讉⃘⎮쫥없㈄㌌ᓜ蟿벹⒮Ꝡ蚜翭㴯ﶺ佣甲쌥",
      "ts" : "+192943232-06-15T04:08:25.736Z"
    },
    "谑玳컘콜졸㿃╤⍛뉥䘍꯳㠰봔몰櫔ཨ탫㢭繆锵魖㺊⃡빃埘אַ촘毦᳽骴盏⳷䉛◼譹ሮ⤱㺤줿䎷熉㪛檪䝬掠ゖ൛廒蘖⛪蠵萡ꅒ뇞ื䥙㏆䯢ꦝ콅튔餥ο㲓䃤ꔉ帡纻ᄩ輢絤례嫸ᬟ䗰㖷᫠ቺ噙䫁셉뇕砛ә旼ꭉ" : {
      "id" : 7139367052336810930,
      "page" : "攄ᰴ৛ᐃ䃯졃ꎵ쩤鹝뎠䰺ⱺ袵⾯瀲禩鿃삢녤쮷쏅ꓐ謽䵆ꈵ셺礹傅辿輅࠽኶尋繜㎺ﱊ⟻ዺ䧘獵㥿ᔤ傷佉肏㶶궄᎗3迵특あ෩虄૆㶖よ鲷䐡톤죪큣አ橖꿛ຨ",
      "ts" : "+197370948-02-18T18:40:56.083Z"
    },
    "㔵퐎돟؂깁ૻ⽬ն塷懶푪​뱵ʗ艋皒뻅僧䂾蝂땹㬜브⚴씗櫅뢈닑ፘၱꌕ֪蒌ꨬ⦆匯袃⭄ꟛ폧걵咴㺲䋹뿎禲໅ꭊ៥扫" : {
      "id" : 3740963217894227135,
      "page" : "켼㬧渶礘鎑諺횃祚ⷓ뾡뒞੢蟐ಠ㜏Ｂ遃Ꝗꁠⶸ턦뜥憟䪃땆㾉ℎ",
      "ts" : "+8724728-04-26T07:52:44.908Z"
    },
    "౪뇺৲恌馰樌䌷ᣋ䀀픒沏Ҏᕠ湠뒪득饥촑墍\u0090膟朔ቈ鐻뻑䨐鐦⵹担餫陰繋䨙奼깟읰쐑픏尔绰数擏࿤剢箠뉔丧竲ꋿꯉᜁ랟㧻ﮏफ樵몦﯆⶟삐캳幙㟞䈑틯䄾畀䞸ᙀ鹸歶ᒔ염୞㬅뿃" : {
      "id" : 0,
      "page" : "䐨㸞菣揽螹䌋銰墍᪚똙썀䫨硪波ⴈ⹂橫끴⸡⏕㤾讶俠䠠鯇ᘔ봚ⷫ⒫贉쳟撟䙷鏨ꃐ䨒ᩚņ殺㘨㶏⧈縨䏽犝땢냄␟뾓哝ꓲ",
      "ts" : "+274807772-11-19T19:45:43.096Z"
    },
    "ﯫ퐱嵥磴診ణ兌媴鸧⍙ꅰ⇄뚱云廵ᠪ⒝㾼" : {
      "id" : -9223372036854775808,
      "page" : "褮⨹㤼ᖈ䂵Ѡ﫨냔鳟ᖰ愜䅑ꀠ㑋╡낢୵Ὸ☐➛濗鎑ꕠ楃䘦⸈໫ꪭ阈瑎ၔ鳭乑恌㟹婩ච燾丂农셳鏄끧が덽꒚恺㣳ﶫῦ蠭凁",
      "ts" : "1969-12-31T23:59:59.999Z"
    }
  }
}