{
  "visits" : {
    "" : {
      "id" : -9223372036854775808,
      "page" : "戍袙ꙡ겉ᄌ끘䪼災푪梉ぢ閂쐚氍룺숗⇛㍁奵⠂텷뺹摅㦫뵋텸਽Ң杊䟋ɲ㸓㦖Ӿ鏷轺侓蹟ⵖ呹㚫ﻇ螯縅郀樷釭ጔ螏אּ䗗ㄷ櫈ﻮ㕦ѹ皏겯픭쿿촍ྛ\u0093ⶃ螟霩",
      "ts" : "-28536795-06-18T01:01:21.251Z"
    },
    "ҫ煢瀾몣חҬ룃⣧䬠퉺﵌嚪͍뮷锫仸裟餀̵伨꘶挻╣늀壳泏嘼꿵踞싁㓡왗䴝" : {
      "id" : 8315294004420603188,
      "page" : "蒎귟㒋훝蕶Ᏽ呎洿챞鬕Ꚓ䐬퍆뙯䱻켱┉嵵悩丢黉㴾渀뱮삿㉳䫂࢜ﵮꐝ",
      "ts" : "1970-01-01T00:00:00Z"
    },
    "ழ褎捆낙\u0084앇䔠ꭁ饱쬤彮⬃朾뙄䉑龑े퓇宧냿糂ᓭ䬸軯觭⫰跔퉍疒鎿" : {
      "id" : -9223372036854775808,
      "page" : "峳㴮얱ꩁ㱒叀ᆽꭴ뻭곇콣좀瀫䙆Ԁ缔஬혛捇✁鑁֓Ⓢ䢠ꠌܾ恪⢉혍㪹灋猶蹗泹飣满盫㪒銮⭣≺낃ァ妠匩즕㶭⟊塏⣬涓膝ଚꬅ⃱鏄ᕕ弸㦃꩞⯷먜ရ뷝界礆茡滩䯁韦᧣梈㓀罩᎚冝Ꮌ",
      "ts" : "-201942080-09-02T17:01:17.685Z"
    },
    "ೋ엓궸⒣♑༲ሯ췻" : {
      "id" : 6275580711861939284,
      "page" : "⬭䅯좳埐ꢓࣹⅧ٠샿䧫䖛⊻겙巂ᰳ㪦ᴠꑩ꧿ㆼ鶩ꘆᙢ헰檵♥俫傉懢荱핥苟皠䘕딷䖵⁻芯痚畖ì➊莖穙ⴑ덒⵩궘ⷅ蘒켢蝉눡闣瓲횅⫵徹췺綋䨷Ꭽጸ#撧뎺믁剏㽄憢諁﹝籜䑆謢甋ᮕ룑恻ꁍꊲỄ䙯氋峟鄬㥡饜橧ӫ閺ﳅ",
      "ts" : "1970-01-01T00:00:00.001Z"
    },
    "೸瞠᧶霫랟ꎥ䳨鶉퇳㱖䈃઻﬚认텤桑" : {
      "id" : -1,
      "page" : "ꗮ녕촽፾⮔҅賌暒㤑膖ꤿ⎺ㄹᅃ烰㋹ﰗ쐿갓ዼ홄豆똮麔덆៯櫃䪷暮ㅒ謞趖咝罇ጠ䰒탘ణ䅑ཌЗ쑄Ꮀᥑ灔䇐菫ణ硌빼᪭﷿怠槛",
      "ts" : "+29422923-04-03T09:20:32.550Z"
    },
    "ྕ둓솰Ӻ峤䴆夌ಬ畕" : {
      "id" : -1,
      "page" : "೩볰냔뮕瀳茞⓾뒈뜱䑾呛曄窐ꏖ땵獉덥༨ⷄ園䋒ꍦ๬嘊曀䩅Ḳ콙亞晶︖䳖獱畹턊긽岧얜齽盟ཷ࣌ॅ舊ᥣ괇峘譧셽谻嘸浮練᝔湩뗮쒬ᩭᓨ꬗뻇ꡃ㮈킐㷭퐌鼡墷櫿봲Ⓜ焌⻐鲻됊寅鄥뽺뽜㑬",
      "ts" : "1970-01-01T00:00:00.001Z"
    },
    "ᬶ퓏튷繱軋緱韈­鍎㢔裣壹ඒ䣋뭾꽐⦧叶冤詠" : {
      "id" : -9223372036854775808,
      "page" : "铣馳꫑잟ꦿƻ钫㪷㥥楎뷶旻튅眯銇ẽ໇୻偺紹䆋庘㽀눝ᅀ朼賄Ⲫ띖巨쿞덃娪祬ᝁ⏿熁팥⚼縠즱후삋ꃨ꽵ꔚ䭎髛揔[",
      "ts" : "+174762159-12-31T10:13:18.145Z"
    },
    "὘種襮ᢃꡩⳳ哣歴東ㅵ㾙ꎷ굪ገὕ鼨銢釆魎㵦뽝琀㰱뿄⒥㙜≊宮泜庝ꠞ쏌槅䧫⵰넡朹✆䞵㘻㢸幯砧⁚鐣讗擳苐ܬ빐楲㟡ޜ烡稷⯵䝸뙡탇亃ळஊ騛Ȟ㹙෧엞퍝颋獗䵔芾囟ﾆ舲䚏璉䲰诗ꆗཏ㧮" : {
      "id" : -4259362221526911279,
      "page" : "쓜驐ꎓ貢秧ꪩ᢮ᵅ틐嫱抂ˊ㋴⅀묡檨ቮஆሦ⡳훼ė灙뜱뤨ᗊ聛읽億콖ꨱ⏉ꨣ瑿⌴隐げ݃뷩➃伇㬫曼䑒鴍鹻偼쫃웓汉吕潳몉匿㧞௧ᠰ䕃莜骠⅀㥒Ộ２䦮浰ᨯ売ꄣ㻧踭ֳư넢ᇕ᢯풾䅾⠦䰡炙伟羀活⧀驢꤮ῷ",
      "ts" : "-116203540-08-23T08:34:12.647Z"
    },
    "⚶ㆼ瓃儊뽿弈욖쭞佺砵츪䆰ᬍ垥塢⍩쮕癷櫚䆦ꗭ爒搖䨡袬඄뽉嶾兹亥倛荏弢䙪닿㭪㢬덅Ӡ鎱↻궓ᷰ༫㹇慎㴻剿驐林娓ჼ㭤踤缆溽⭛쓯蔒ヾ⑝靈䍸薀鞀踙聲날庣쀜晬앟硖" : {
      "id" : -5657519678601975686,
      "page" : "⏹왐쵨₯甖㻹ሹ旴࠼樂ጘ뢓幦윛擌떮฻႞ꓕȭ䗂䥩⢞椭㼟梇툃缃셩늁냺ꈉ췼菮竄ᕾ듔૩勳㴮쉏趻䊶䎽睑Ⱎ䄦炗噔恷틩⢓裝ꚪꃕ孖胎歽䓨฽䐜ꋕ௛銞湥남匊孨眠",
      "ts" : "+83926904-10-09T16:47:05.538Z"
    },
    "Ⲋ液偽ꖋ苃룇㼞ሀḬ湥欬玊왦➎⟱㹚⻊ἧ紋솮뀬揆뺰돾慥谢蒔婊ｚﭰ禰偀햤駞֦Ç堡ٱ籎굩䚇꥓Ǫ졦嶕佂碫ꇚ豙伻粛沠眇㥵簅ⅲ挷ჴ吟媢轱者炪낥峫㉕ꠗ弆ꮛ볕蝍" : {
      "id" : 6216119193808649809,
      "page" : "苮ﲊ趗㌑➛톜陨馠䲬᳸奯泄㢧厬이⣊ܰ購䙊뉯죑蘽㧸䁪뉪ಠΊ༝빒恭眶ƈ홺襢䴝㹝㈂䖡腇징얮䦓ꑖ韅긖뉗陂翧砜铄ቿﬀ꽯？",
      "ts" : "1970-01-01T00:00:00Z"
    },
    "⿎橓운맻躈䜷졨撦㪣迧痰葉鋇ᦩ⇝䛬ᩐ眎梔䎜풠⮷ⷂ⾪㥞翚洖㋫馸粓߰侊ʦ脎큖ﴆ㳇హ䋐ꢢ迃쀠鳜錛㹫鄗㒧鐿눡笩䃽Ⴝ" : {
      "id" : -9223372036854775808,
      "page" : "詟ş᪑",
      "ts" : "1970-01-01T00:00:00.001Z"
    },
    "ぇཻ耘杢悒裈ⵙ煥ᢏ䏾ꭡ춳晻溒㶋ቌέ迁⁍뤍䭄⧗ꪢ㢗眎潐낂陲く槾㈓狿革ᠨᇽﺲ䪖⡀嫁ᾭ␭跩䦸塾뮧牟茳ʡ㛥逐≌툄" : {
      "id" : 1,
      "page" : "➙ㇱ習广ꢩ긋疥∲퐩杊韵굛㦭톀糆ꆑ囕Ⰷ⭰鷈遄ꟛお",
      "ts" : "+136193684-03-07T00:17:47.309Z"
    },
    "㗿鬼㟛豯懁᳤俠믍涎Ꙋᝡ焕濎仜뾛뮁랐袿퍡䁷矹䘴度菷옶ͣ宆ں뾬낂島าᯚ队鼟鱭빙Ꮈ崹ꚬ졒אꑃ캹儾왛⟕桁뵕탁䏔΅⏍篚≯슱ڎ㐞畸보븜申簆ꌬ᧌订ჿ" : {
      "id" : 8045002205151452287,
      "page" : " ┛겘삢唗㞠",
      "ts" : "+175153388-11-26T08:16:54.060Z"
    },
    "㙍ʳﺡἓ沿齃̟ꈞӜﺅ∨嬵좂닁唐䜝ᕔ텰哮鰫憣컐掲醋琺찁㗳仿缨ｂࠃ줁ΰ礅ूꃿ쥿왛䄽׀釦⬞㜝덪⠳ꎣݭ⋙은㠳㚊瘐䏶༱Ⱦ𤋮輬్湩≆㜥幕" : {
      "id" : 1674677120439444925,
      "page" : "㌻ﶃ쏇湦奭䀎邅崎ᘯ긭㲈薓훊ퟹ╏ᩫ㜸阎쬳Ύ傍搀쵦ﶻ",
      "ts" : "-247725838-03-27T18:03:40.744Z"
    },
    "㝲琩괌仡醪ꥩ㗞軹옗夷㎸芣䃻嬔헔戒ꄉ갫女鄩源倁鱒嶲殞ᙗ坷쎈깈㏻⬻려遳䣀퀔⻏Ƞ䅄畞᎖䂥ᣟō꥽棬濔鏊㕢᭗꛺ᘽ煕췔㺦⧗⋭굼礆앷﬿佯焥梉蹰䌊嚺靀丑᩾쩠ﰶ셑ꕞ䈒玍띀ᔶ逆퐼᤬葉ۺ끹䳄嬩ᗠ啶" : {
      "id" : -1,
      "page" : "慖멗蛏慩￙ฎჼ孺䷹䳀咓뉀藠혴쑂겐舞꭬哛쏮᝽䦈窅啡踨삦㓪䩀腱佽杏ꛇ견ڙ솪Ἥ䫏鯇天搔裾煘䛋⠮৑훗੕쐁嬉Ɇ枉냎뻜ᢄ韛貢墁若噯鞴킴ᬷ쓮傗䉩끟롛呥鍪䘝鈡釡",
      "ts" : "-290658359-09-09T03:31:53.632Z"
    },
    "㩿슫奥殎᰺끢証ꁒ㔭ﬣ岚䚗줲☑ແꂲ懯湡ﶶ욙ꏊ턠賃" : {
      "id" : -2745900044326915920,
      "page" : "휤쎵辛菶镟嶸ﵹ뀶㈤樏㺶犅ﬂﱲ퍭Ჰ뜡佂壙﫽ֱ⪭ﳁ纸볖ႏ毒ᐘ訞꿀앲ॹ쫢똩亓氢繼僼躃ꨆ㧯ᧈរ䘔㏵⎶",
      "ts" : "-195188004-04-26T01:35:15.242Z"
    },
    "㫨㿨㸻ꂷ풇댈ᝨ⑱ꨨ䪀ҟ闾₃䊥螴쾒硒ヒ퍟َ떫볌ڼ쥸㱥猁ສ介㈶㷑搨㈪僡됉૽—⬒蘿ὸ쐻둱瓞᫷낯酂䴭䭂ߨ컫眰葸婦퍱侉승턞맮쑀䢪鍶虲禯은콻굩鍢ᑫ䃦녉ﲵ롣讇飱༦烹ꓹ弡๜媤뵮성픠ꆄ蹽堒﮻ᇕ" : {
      "id" : 9223372036854775807,
      "page" : "꛻첓ᣝ疫⯟蝯錹藮䆢堥牂曥⭰뭿樰韧㕞倣읎乔蓢䅂촵쟴䐸룒ڔ挮쵻ꋾꊳ㏯䅤ص䛪ꟍ㝆͓⥗註䐝Ⓖ効ኗ涅ꂊ퉑娓꾈鞻呎⫌ቋ昒늽᣾䘡˸﹘",
      "ts" : "-292275055-05-16T16:47:04.192Z"
    },
    "㾪ꄐወ毲檱㈜ᘔ綷顟《粽抵쭈剻䋛踅Ⱡ､鯓䖚ꉂ䄀剗杋曇⾖ၹ썃༏ᣂೱߺ儝ҹꚉ逫ꎂ尐㵴鮈ㅶⲈ罉龓Ⲇ癐펱⭛ₐ엣阺뷙샨昑ꮞ䁍䵷塃큏劓ﯨ끀笩智ꖷ羗ⷝ䁒톔" : {
      "id" : 747726709678736129,
      "page" : "㉄螽⍦䵘蠭䷕ۂ⣔ᔹ㘽樜櫩袨⊶厏ᆍ봮账ŦⰘ䣾㐓﮾邥뺢鳭㓇瞾䎬䛕ෳ嫂郛꤮ុ럫꺷쒙੖㛨",
      "ts" : "+169525453-12-27T10:04:08.431Z"
    },
    "䀁硐땎숒謱闬з턙㓏翉眑ㇸ툃敺䕿킞悬猨ʜ䅉浻絍ﵠ꿈ᯫ퀯類했飖菌䰇才憗쓖᳀솚伩晈텣⽹栤놩﹘䪧" : {
      "id" : -1,
      "page" : "⭬爁䜠⳿宍첐뢚冞뜨ꏈ拸ī뭽莎恑블Ⓩ獯ථ甎㐍轥桅涳ᒆ뵞䬜샬➭®媯ⷹ╤浂朓ཀॄꄆ舙ຂ",
      "ts" : "1970-01-01T00:00:00Z"
    },
    "䋵ꉤ䭐⿝ﭐ澣㸿컧♸쩧诫냨ὥ닙ꓲ項붸園닞䰅࿩㐨㧚듨ꞯ়芚뽐뽔鵹˜氎ﻘ볋ʿṾ蓪ⵓ䒹嘾땇ꄫ⤋欈ⳇ罞䧛槄ᒝ㨞←έ腚⽮检൬鱇ٲ" : {
      "id" : 1,
      "page" : "걒짿切焖跘⒥橓৙匮饪ෳᚐ뼄⾢䆠ﵯ趂옌뇔渙頛嘗흥툦䝮䪚쮃쒨㍏펩楉搧灍ꮠ롽鿳牪",
      "ts" : "+143531597-07-19T16:29:58.143Z"
    },
    "䚱槆䐢햔ﳣ唃숢愩跱ꐅ覍ⵢ蘔⺞䬁쭢錃맳苍楘鴶ꕽ㠐溣멹琵섦쒿쥀뺉洌" : {
      "id" : 5383031745780966940,
      "page" : "ᣄ뻬晷谬츧ﶉ曜蟖Ꮀ࢚腁꾪쥻ڻ굵ⓕ泍㜖呒፩䇤빧盖뉗殊憡챙檵쓱𣏕☎忥깻舓燓┻淶ᩉ탊ᥡꯉ䒬鬠륟⓵ຢሞጘ휨ꯤ≞᪜៱履ᙚ耼㺃䲶",
      "ts" : "1970-01-01T00:00:00.001Z"
    },
    "䨨⫓ȑ靵ꔔ㩰풞輳酎굔팳⾤膭蒹쳿ᐬ鈉ꀛ顔耟ൗ鈧ꃕယꆳ촍᪩賤鶘ꊨᱷ瀔伫敝挢䜞鮇଍硧梧톴Ｅ⠤䠙➏ꍕᰖ韥摕췪먍㏂" : {
      "id" : -9223372036854775808,
      "page" : "뉓顂ⓞ༸둫唌觴Ф䝼ꪕ⸼싑⋖萮Ⱪ熚ስऔ씂问ė둾ŝ洌Ȼ嘟铋ᜨ抂⁾룾琫ꬨ⸌橔盝ߎ",
      "ts" : "1969-12-31T23:59:59.999Z"
    },
    "唋舄쟩煯ꊹ䬣輽甊縸㷯ᑄ꟭᧌뼰峓⍷홡臿䟪᜵㞀춻䯲ぅᘺ㽾嵶㶵雘婅ﳵ쨝柣ᔸࣅ꺨⃍ꌟ嵬밣⒧Ĭ奻ꀎ岈ㄿ㈭跙꒨헹ᶤ㞃䳇뼾Μ낑軡⫭苍㊇ㅑ瘌愫獞ᦡ퇂圂簠굫㧕펀羹氙ႛ⼪՛廓⳥蘍भ披͙㋶㱣ꋾ惵睲洞" : {
      "id" : 6837404080729226936,
      "page" : "㣩￶⤦腹뚻䩝Ṙ몮ज़끖",
      "ts" : "1970-01-01T00:00:00.001Z"
    },
    "屡㿘썰ڢ㥓﮽慹䴆墑གྷ呧뮣樓뗵ⵄ" : {
      "id" : 1,
      "page" : "黱ꏽ蒧໕娃턹쬦嚨↾ᢇꝤⱊ䯹賂衋䷲ᤊ鐊嫅뿍鴵ẁ鄌죆귴࢟㕹敟꟢ፁ뢧㑵껬ଽ릒蔠১鎵훾갎Ⅽ늀",
      "ts" : "-292275055-05-16T16:47:04.192Z"
    },
    "懲⸔䮨訊昲㐁ⴣ亼摫" : {
      "id" : 1,
      "page" : "㢤ﱃפֿ緊燎䆓⋁涐먘곦⫯朧섒赿魉᭼廉낖猏楦훙塙鈭稄꧃氪꺦篣覛킐钍쀲쫨瞴럒ﴥ쳕⇿馭䝟↠Ⲅ퀛飌ꐎ⾚₲ቀ廪ꃕ㝾겳฻禑䔾棚⯔ꀋ",
      "ts" : "1970-01-01T00:00:00Z"
    },
    "潮퉘让ఫ洆獻羽忖貘톶ᠻ♎娹噏㍐噑嘴ꌏ䕚㼿违喝뻲༊뱩蔜㟬㇄⇾主ᅾƀ曄ᑮ㊺螹옡뾉⿬矚놐沈擿헎灡ࡈ䝘죍溧␋煎媙옕㥴⿢饽猤⍃픓ᷭ韦魂뜜㛘躍嫡䊯⼁獡셃゜隨" : {
      "id" : 0,
      "page" : "ພ▝豫̟蔨彾وﴣ䭶♝છ䢤졶塕䙭⎲د괳䍱睻ଁ锣ᎃ氾㸊碕컺퓧쳙貓늿쀰⎱ꖶ㏤돓衂䀪怉㴛륝秛沋⦄❄洉莱੠땽㩠涣먲訸᠃ず쯦䮹፿늋籬톽끒蚱Ꜧ瑪㻩̆뜬涢Ŕก﨏鐃磂瀽혁戵냴",
      "ts" : "1969-12-31T23:59:59.999Z"
    },
    "焂噒⊴騛ᡧ曇먹뼱뽦姤翵毋벴뜽⮔掔㥞芓⡁抅쮘䕲䦓렮캷홆ᐱ᥸䖊褒构鋗喭ඳ貆宾㌶莒鏶癷ꤛꝅ㊄늱ꒆ쓹忠ْ" : {
      "id" : 7022351833919771428,
      "page" : "椟瀶㼺ࣴ狯ꋍऽᨪ≰䏦犪蘣⮹⊌㪻闞๥써耪㜍輻涗힝왺ⱱ൫鍃⒣氼蹴郚ꯖ닕჏撣濳ᒩ氱ළ곻‿늯ᐦ븧곩쩯쑭Ẽ⅟훯기瞅୦䯗挈ﶋԵ",
      "ts" : "-55673977-07-30T03:10:35.820Z"
    },
    "焕紓쭅̾㷏䰅꒔挧罋셃恾됞秼괫Ϗ䮮똵뽑녠ﵢ⍇卲ྉā雗ꡙ誟ᄐ顊ﾅᅪ빭腻Ҹ딗픾⣞艑벼埙볼쳡楳锷馻턝칰ᄴ홟烒쑛䏠늟聂◚涾㸍郀ꯌ玙䵽劊ऩဣ엧寀♪菖怿ﹳ㏔ᚎ쒛嵟䦋╒׌䆕რ䴤腼㰛" : {
      "id" : 1,
      "page" : "划㩨䌹ﶞ尪拮橇茈䎚螯蚢赅乲鬹䭋䫵㓐共䶖ꋻ쿐ᐁ库媍邎Ă킢匲㸹စ뤘㳷⁼씹䋨뵞䵿鞜ꞎ锘ᨱ걘阢䌴⚏瑸揫폷똹",
      "ts" : "1969-12-31T23:59:59.999Z"
    },
    "猩᲍暚嶣绀捛ᆗ皵뮉傕텺똻䞀偸㘋뼉霘쒣ꖷ消⏨橀恷ﷵ㸵䝎찞屘擌懲꺑璍ᗋ쓺蓆똹ꓢۦ☗膕鰍瘎ᦙ픍៰雟宑扎菀㍜챱垓ㅯ붋﶑䟾傼鄡Ⳍ뤦巕஛㍍㤗댖ሤ权ﺠ钓㈣⃾匦赎杖䟖〞ꡘ㧍鱆䷶" : {
      "id" : -7544323547669496695,
      "page" : "ࡋ慀㗒ᆼ錝겕ꪔ胤䐙菤畏蟑繿ᱷﶴ赕ꔔ縞ຢ從珉ⶏ뽵ꪢ䂉閗᚞킴騈〫⚡慺᜸汅圐ᘪ靏鬫㡶꽐生ꧼⱟ",
      "ts" : "-127627531-02-20T20:34:13.572Z"
    },
    "玠ꑹ밴὏㽤븳뾛ಗ羜ࢹឿ몱춎锘ﭢ䧝윦鉮ꈇ秗䧆䰄复ᥝ蟐䩡掹婕䗆兓渘馯࢈듬⼃䞔ᚵ鑻쌉䛊輏ᆧ럱砻ﾲ齴פֿ쌾滛诣鏻௲暧ꌛ꧌桧ꕮ磊Η퇱ꋴ䫍椞绢䷾ﻝ랶탈ӵ햩㴷悎珑ﺟ堟຋줲甴籼墤薛" : {
      "id" : -8633572215842394660,
      "page" : "⾬공뙌㷇⌞蹱Ήᥒ꺲땆孇唵졦꧍॒翹䤹땰꺟塉霾够儶ꚿᙡቆ㐍䢳﨔ᣘⳏ웱嵍櫣׭㲴",
      "ts" : "+225476578-03-07T21:16:58.215Z"
    },
    "痥얧꺢≿ǳ⃌䘫밿᠉ދ嘦⨉㏤혧쌅ꗏꞷ㚮菍折緻홻◬箅괛䊒鶽胟䧈ϴ홷菡킜Ϳ韹준䓮샬鉌﮸邿♺᛾⋜甭絮욨⛵곉汭눝潞眱씝ť싍鐝蒁" : {
      "id" : 1,
      "page" : "鳗ą洈떇㋆ﻟ씄⠦遞⑛ჱ䆓ॄ馨謭듟펑ᢦ死⠼穮孢翎⟢뉫ꁟ嗻苯槏",
      "ts" : "-31255538-06-24T14:03:37.551Z"
    },
    "程寋ᗮ꜖쭆䶂エ쬯맥銕溋糘㏃崼뭕츭矘䳤叧盠蠿஌䲗뗷嵷⎦療鑀凂꽒炣䚘ꁤၦ덹蝯搳ꇟ䶎䀩힡ꨛ㋃続≺㷚箽쨁닼Ჱ࠱衝춌" : {
      "id" : 2511915443276048417,
      "page" : "옦塊茛妗꘩漿쪗凼쵓緸觗䘞秳칁鿙豆硊蓼൅礗垽囗푃씼柑雩斜泜╶點䁅佝嵖肕ⶤ塒板䇨㥫䰸度螯⢾Ṩ‡韣頷譽탃閖靕䔾爩蕓靟ꇇ썏⑁Ò",
      "ts" : "-178306098-03-12T19:58:38.681Z"
    },
    "箲╯쾛Ꚕ䒦㜔꼆錭ᐦ駝䓄椰爐⼙ᄦ鎌슿츸㐙읈얳뮮덯ﺉቒ픑✃藴忝唏犲縹鬐ТﶚА悦莴鶎꘾谧㿩✁⩱烫" : {
      "id" : -9223372036854775808,
      "page" : "⯹妆〰羇馰嫈멟㎋쭔᭽⣼볰ᑱ솖撄봺ŀ촉쬍ꈒ钥陌䴜䫄真￁ᖸ밲蒴",
      "ts" : "-292275055-05-16T16:47:04.192Z"
    },
    "腲瑲씾㓴㯨Ჺ羏棓ᆠ찦ꤎ뷧榋‑膸䕬鮯샑锇ᆜ㻻觶ቼ䵇큔䷊軣ꮷ폌垍퐈龜ࢩ◵艿뭮溽ጨ猈뚹콑긣₴" : {
      "id" : -2035845030917372092,
      "page" : "棓鑋౛틴序줶ᦈ㸼斉ⵌ飖렛Ⲕ㼄鸊䈿ڴ鼅言ʜ暔냮ꏒᧃ쯕ɢ໓٠냍珖ꄼ厥ھ宄႑屮슆来ࢴꈓ",
      "ts" : "1970-01-01T00:00:00.001Z"
    },
    "軮耉陡⹑௜份砵긒䭔ﱃ쉧꘢ᱍ鞁랹㽾雨␫텞蔯迍꓍갟嘮诊悑Șⱍ踒啤ꢝ裣䮓䎇" : {
      "id" : 3167405283438988150,
      "page" : "弟䁈槓꬏蠙玁ꏔꏏ皭理훗큋眕隅྇⎯♞⼼㙳볭ⲙ㦏侍屿랤憯쟮跏韞࿕襺㣌勉ઽ㺶ᒝ傻휰ॿ課姹࿌룘㶋䋖큃ꈋ歩爼╃葻●槗 涔얞碹흓㬎鮕啍ȥ궗줚뀃矓灳䪪禃傿㉣良ᩓ佄攞涑숼엤꩒ꃩ뎷븋⚀᱇⃣葜༬",
      "ts" : "1970-01-01T00:00:00Z"
    },
    "鮝뛽릶ণ攀몭箅휄ݠꦭ杳후싎븞㴸⦰⓺䄜榨딘텩逐᜕渟㧉髂饱윖偡ᆫꕹ椋퍯柁⛍উ僔箿놆륜ઑ↙휶䝜" : {
      "id" : 1,
      "page" : "ዏ䒄",
      "ts" : "-174420331-03-08T10:03:56.616Z"
    },
    "鶔‘ൟ檌载껆㝁ꇰ陒銮扠Ɦ译陫㖡疆䅷৮祎섮儰௣⩇닝늦ﾦ⓮钺ꏔ銛酷窸Ⓝ윻囯䢝" : {
      "id" : 1,
      "page" : "츻囨汨韰❴ャ췟起෩荹ɜ㟚렰⁬ઠở䊄藛㷬뙘变퀤़᤻Ⰹ⌏ầ킗名ḓ悜䄯ꈲꙐ苠釙㫲笪饳೥鍍䙾ᥜ鄶嶫嵮섑㏀丸㭅攖襁竘䊝뿧契抍躏呠䄶멁噬㦬氣忨ꜷ꧒䊝",
      "ts" : "1970-01-01T00:00:00.001Z"
    },
    "ꘟ첬❴淛戫鴬䡕酭驉踛淓㕧瓋뇳걏ᰳ䊅横埈䂯睵ꧽ否艓鞤晳紋볲퓕ꏇ僚勧壪ွग़哑Ě⒝뛣䱟梨驃瓝䀚殮ឩᢅ喍ƈ豌幙缙黌Ṡ䡛ԣ멮쁽Ⱳ쒊뢊摻扗䤔ផ활턝嘏巐Ꮙᛧ꿊硞䉾꺥ᔁ雮࿒㦃ꋓὋΉ" : {
      "id" : -9017966229776385169,
      "page" : "蜁뺍돭ദ㿫進㽹큋琹㚷슛ᓫė拮린飅ኵ퉲枒낔뻒줍ﵹ⥝絫끁谆錚揩讱鮦䈣沦㔩콥伺ᝬ掰髓捬ⶴ䘧ﰹਡ鰷ꎱﲡ⃿汝擥䯊ᔊ鍂籠義᐀옲䩁꩙⋮䲿函돃",
      "ts" : "+292278994-08-17T07:12:55.807Z"
    },
    "ꚮ딣֛髰洌ꑨ⟿ꏗ쬛ྠⲮ倔庙簏柹嗟⼃詎㐫푕辄뿿﷏㥶૊䃋憭⇂ᏻḡ霓먊ᝐ춪⇬㞖ᐾཇǙ凜듁磐鉡줈ᩈᇫ໲簷쵐䬏鞫n魕" : {
      "id" : 0,
      "page" : "꩓Ƣ뼝签㻶剟쇐ꌾ⦄倬珵栴슴늤횹❖끊ﵰ巊鯎盡蟘橐獸꬗铈⣻폂蜊ᣎ㮨昅乶檎殈黡弎鐷驾࿕샐⯥ဌ稒⳥j罋ह醛১鷊ᄙ備Ⴎ嶟轡澗줾䘦⸟잷㧍ݿ벦⡦徤᨟鶛ṟꀯ䘰킯㶖퇔﬌ጳ駸ꉜ᯿亘쫜淨ᯬ䠱ဌ⛠弱ﯜ뛾䆎ఔ䡎䕐浂캉",
      "ts" : "-260886517-04-18T14:25:39.739Z"
    },
    "꼱脠躞⅖爔䂱䚐" : {
      "id" : 956974805983136417,
      "page" : "㆜꽐淙笙ﭨ⫖ꡮ锑葰秂⠈㫳኶▍◦㴐൮ﱺꥀ诋悾檱帅 㥈⹁뤨毳邘㳄샮屭煫왃☼⩛듩膃㡍",
      "ts" : "+126959577-02-15T10:38:53.659Z"
    },
    "꾷ᘡ㳅ꔏꤽ⯮젍ⴽ锐ʊ⫱箑츫댽쓿袯⦸鲇퓘Ｃṵ䱣ौ" : {
      "id" : 0,
      "page" : "떛Ⓠ썷身백硻젿뢺ꉶ궥䜥╥ጊ⛾㝊ܕ穦ౣ╍⌑ၟ솙퉀",
      "ts" : "-141560510-03-30T04:39:28.073Z"
    },
    "잦㛝敖谱츲ఌ쓩䆑㫧ㆫ㽨릷귑怌ﶢ䁖瘿蘃擾ﴃ봡ὒ멙箁膛ȹო쳭ﴁœ㖟녀鹧ﳴ甩哦" : {
      "id" : 9223372036854775807,
      "page" : "永梻৸␨｜",
      "ts" : "+25857737-12-19T18:59:49.173Z"
    },
    "큈츬㠴츦扗銇匐༑⸢쌥䫖ꏤ럆킙䔸Ჾ⾔䓢秶ಜ눋핐ⷃ䭙튝䢟╫\u007f쪏⫫爯ᜂ摇ꇨ儘〖Ｂघ⇘㲍⠷헼㫻卷࿤졞扸ꍖ숓岛Ȯ툀❝" : {
      "id" : 0,
      "page" : "睲풰댺灇嶝瑡㡕챗踖䶣婇蔻කᰄᐂ鲂赕ᱷ쳰ೕ뼶☗㴄蔗뤶線᝭윟늪㬲㎆聑⚡홵鼤䲿냝粞蚋㟒钭柪餴悓껈㷸記ࢳꏼㇴﺲජ앀㭇딏첐∬鬏玤晟韈퟇莍Ꙕٳ胿섲䓀㸪䖍㠛﬘嘵ᯎ䑈ྙꌉ쉀銋倗ꄳ쓼睊෬뷺껳熡険旘䒠",
      "ts" : "1970-01-01T00:00:00.001Z"
    },
    "퍚⛳䖥풺艝緻ᖿ뺰䘳㺧ኾ彚跪䋿᎟眧㈆뛧阼湲僵젞樤↔ꤘ鿓綴姸奉ᡧ⊵摴隷粣땗㏯鬗쟗ꑷ嬚㠉匥䭍뮓ᬽ" : {
      "id" : 857926402340497577,
      "page" : "㼲ᄧ굄ဝ⬵场⶙헗䓲鞿ᕸꅭᨂ",
      "ts" : "+151231657-11-05T09:20:24.509Z"
    },
    "풏晹ᓌ煝썎䴕흥뽧࣒ꉀｺۀň읊㝲飠᳢ၙ牽у䳈↱ོ訰侪杆䞛頣碱藒泛㯏" : {
      "id" : 259860877566259484,
      "page" : "舘㿺犌韨㔃툷䷯ꖦ斒腮攆텧",
      "ts" : "+159090853-08-24T04:39:31.300Z"
    },
    "봃뒻娕ꎟ" : {
      "id" : 0,
      "page" : "酭ە嵼볼豴♞ౕह䲥沁讦戨ྺ닊ⶮ弟齶䀷讜锨蜰ⷢ㩕췹꧞僑㟻⾞嚶⣭栃ㆼ盖믘簷ᨃ᎔솰ᩄ瓼穖⽺떭◺銞ꝧ阤侤썑㬪朚㬄脒䊵狷‽籀䚴뮊醃귪䆉ﱎ蜯벩쾅姥ᛚ螋䇉譿녹閖镪㐴룈魋훣ꂨ黼澺쳎გ行鱬립裂홹",
      "ts" : "+107198604-06-25T10:22:20.798Z"
    },
    "ሻ첄ꂠ颙ø燛䵗ꥮꀩꉿꞻ폨Ⱉ釔௖嫒㉴㔤ꔩꔲ䣡▝咎◲쮚၊뀇䗫ꀻ픡峊☬划ᗑ㞫䅵䨴厢衶珔蜺⾁寰豏힊ᲈ㊮黖恰첂鮧촤ೣ┹╣祉颏労" : {
      "id" : 1,
      "page" : "㣕卉襄做峍㌫⣠゘垻딀ⶢꤎ㞦ᰯ롕ꚁ꫓膌㬸⳱㮗䝟૕敭끔㵺淌簱熄픽妕最",
      "ts" : "1969-12-31T23:59:59.999Z"
    },
    "ஂ癴ൌ㍋쑦ꐿ퓟夎餆ꏩ﫵˂驃䱨ੰ陻ូ┺쬗⟄ණ琜䏞匦ᘛ䘖⑄䞇ᇴ䢈ᴝ᭘㚕엽汲㩇魱" : {
      "id" : 2758175393887420194,
      "page" : "❰槁놉薶髓䢰勊帋鹌⑁㟒㗉㨩飵㽚Ȏꊕ䣥䉿옩⇤ㄽ므킉潉ゔᜱ쀓㖻䆵↹辄횮퀢勌袐柛铞겲鸥岠㸴ℙ݇扟縼⎴㗲ࡴ恉ਇ卣荹틦梱䢞",
      "ts" : "+277747051-03-22T07:30:40.080Z"
    },
    "ﰆὪ怮⪴臡ㆅ譊Ä檽购恵㞒㽈㣙梓⛍ۻϵ캂Զ㜊ͧ὘✪찋⪔䠢㺤ӱ쁂衊跛槖콐樝׿솧턓" : {
      "id" : 6265308560520558062,
      "page" : "턉斬Ռ吤ꓶᆊᗍ̘㧐ᄞ⋦搵⤭瀵Ņ됹İẚ燎녍䤼ǁԋ꼐畱䜋绗蕗蚗髼ﶴ䆘뢨禮韔銂熓뽱풔꛶ꩠ쁑쪓⡁硡髀龘᯲蠠㕋߸뚘짹繤옜疕녻嬐觛",
      "ts" : "-292275055-05-16T16:47:04.192Z"
    },
    "ﶇ㭲낏൛瀶㽆헼衸敉늹蕴컿ᶬ䬭ⱬ픠山☟畝꒠刓稻挏﮹鬋ﮰ尠ᜩ" : {
      "id" : -1,
      "page" : "恔୻㯬矩紹⣈彡꿡ﾄ⑦탻﯃珟⏤輫䬭鈯鐐烧ꡣꔞꎏા믳ৄ嘆﨤顝ﺂ▻暽섔응댲䗆筿㨰",
      "ts" : "1969-12-31T23:59:59.999Z"
    }
  }
}